// Jest Snapshot v1, https://goo.gl/fbAQLP

exports[`SignIn Should match the snapshout 1`] = `
ShallowWrapper {
  "length": 1,
  Symbol(enzyme.__root__): [Circular],
  Symbol(enzyme.__unrendered__): <SignIn
    handleUser={[Function]}
    history={
        Object {
            "location": Object {
              "pathname": "/signin",
            },
            "push": [Function],
          }
    }
    removeUser={[Function]}
    user={Array []}
/>,
  Symbol(enzyme.__renderer__): Object {
    "batchedUpdates": [Function],
    "getNode": [Function],
    "render": [Function],
    "simulateEvent": [Function],
    "unmount": [Function],
  },
  Symbol(enzyme.__node__): Object {
    "instance": null,
    "key": undefined,
    "nodeType": "host",
    "props": Object {
      "children": Array [
        <form
          onSubmit={[Function]}
>
          <input
                    className="pre-sign-in"
                    name="email"
                    onChange={[Function]}
                    placeholder="Enter Email"
                    type="email"
                    value=""
          />
          <input
                    className="pre-sign-in"
                    name="password"
                    onChange={[Function]}
                    placeholder="Enter Your Password"
                    type="password"
                    value=""
          />
          <button
                    className="submit-btn"
                    type="Submit"
          >
                    Sign In
          </button>
</form>,
        <p>
          or
</p>,
        <NavLink
          activeClassName="active"
          ariaCurrent="true"
          className="create-acc-navlink"
          to="/account"
>
          Create an Account
</NavLink>,
      ],
      "className": "sign-in-form",
    },
    "ref": null,
    "rendered": Array [
      Object {
        "instance": null,
        "key": undefined,
        "nodeType": "host",
        "props": Object {
          "children": Array [
            <input
              className="pre-sign-in"
              name="email"
              onChange={[Function]}
              placeholder="Enter Email"
              type="email"
              value=""
/>,
            <input
              className="pre-sign-in"
              name="password"
              onChange={[Function]}
              placeholder="Enter Your Password"
              type="password"
              value=""
/>,
            <button
              className="submit-btn"
              type="Submit"
>
              Sign In
</button>,
          ],
          "onSubmit": [Function],
        },
        "ref": null,
        "rendered": Array [
          Object {
            "instance": null,
            "key": undefined,
            "nodeType": "host",
            "props": Object {
              "className": "pre-sign-in",
              "name": "email",
              "onChange": [Function],
              "placeholder": "Enter Email",
              "type": "email",
              "value": "",
            },
            "ref": null,
            "rendered": null,
            "type": "input",
          },
          Object {
            "instance": null,
            "key": undefined,
            "nodeType": "host",
            "props": Object {
              "className": "pre-sign-in",
              "name": "password",
              "onChange": [Function],
              "placeholder": "Enter Your Password",
              "type": "password",
              "value": "",
            },
            "ref": null,
            "rendered": null,
            "type": "input",
          },
          Object {
            "instance": null,
            "key": undefined,
            "nodeType": "host",
            "props": Object {
              "children": "Sign In",
              "className": "submit-btn",
              "type": "Submit",
            },
            "ref": null,
            "rendered": "Sign In",
            "type": "button",
          },
        ],
        "type": "form",
      },
      Object {
        "instance": null,
        "key": undefined,
        "nodeType": "host",
        "props": Object {
          "children": "or",
        },
        "ref": null,
        "rendered": "or",
        "type": "p",
      },
      Object {
        "instance": null,
        "key": undefined,
        "nodeType": "function",
        "props": Object {
          "activeClassName": "active",
          "ariaCurrent": "true",
          "children": "Create an Account",
          "className": "create-acc-navlink",
          "to": "/account",
        },
        "ref": null,
        "rendered": "Create an Account",
        "type": [Function],
      },
    ],
    "type": "div",
  },
  Symbol(enzyme.__nodes__): Array [
    Object {
      "instance": null,
      "key": undefined,
      "nodeType": "host",
      "props": Object {
        "children": Array [
          <form
            onSubmit={[Function]}
>
            <input
                        className="pre-sign-in"
                        name="email"
                        onChange={[Function]}
                        placeholder="Enter Email"
                        type="email"
                        value=""
            />
            <input
                        className="pre-sign-in"
                        name="password"
                        onChange={[Function]}
                        placeholder="Enter Your Password"
                        type="password"
                        value=""
            />
            <button
                        className="submit-btn"
                        type="Submit"
            >
                        Sign In
            </button>
</form>,
          <p>
            or
</p>,
          <NavLink
            activeClassName="active"
            ariaCurrent="true"
            className="create-acc-navlink"
            to="/account"
>
            Create an Account
</NavLink>,
        ],
        "className": "sign-in-form",
      },
      "ref": null,
      "rendered": Array [
        Object {
          "instance": null,
          "key": undefined,
          "nodeType": "host",
          "props": Object {
            "children": Array [
              <input
                className="pre-sign-in"
                name="email"
                onChange={[Function]}
                placeholder="Enter Email"
                type="email"
                value=""
/>,
              <input
                className="pre-sign-in"
                name="password"
                onChange={[Function]}
                placeholder="Enter Your Password"
                type="password"
                value=""
/>,
              <button
                className="submit-btn"
                type="Submit"
>
                Sign In
</button>,
            ],
            "onSubmit": [Function],
          },
          "ref": null,
          "rendered": Array [
            Object {
              "instance": null,
              "key": undefined,
              "nodeType": "host",
              "props": Object {
                "className": "pre-sign-in",
                "name": "email",
                "onChange": [Function],
                "placeholder": "Enter Email",
                "type": "email",
                "value": "",
              },
              "ref": null,
              "rendered": null,
              "type": "input",
            },
            Object {
              "instance": null,
              "key": undefined,
              "nodeType": "host",
              "props": Object {
                "className": "pre-sign-in",
                "name": "password",
                "onChange": [Function],
                "placeholder": "Enter Your Password",
                "type": "password",
                "value": "",
              },
              "ref": null,
              "rendered": null,
              "type": "input",
            },
            Object {
              "instance": null,
              "key": undefined,
              "nodeType": "host",
              "props": Object {
                "children": "Sign In",
                "className": "submit-btn",
                "type": "Submit",
              },
              "ref": null,
              "rendered": "Sign In",
              "type": "button",
            },
          ],
          "type": "form",
        },
        Object {
          "instance": null,
          "key": undefined,
          "nodeType": "host",
          "props": Object {
            "children": "or",
          },
          "ref": null,
          "rendered": "or",
          "type": "p",
        },
        Object {
          "instance": null,
          "key": undefined,
          "nodeType": "function",
          "props": Object {
            "activeClassName": "active",
            "ariaCurrent": "true",
            "children": "Create an Account",
            "className": "create-acc-navlink",
            "to": "/account",
          },
          "ref": null,
          "rendered": "Create an Account",
          "type": [Function],
        },
      ],
      "type": "div",
    },
  ],
  Symbol(enzyme.__options__): Object {
    "adapter": ReactSixteenAdapter {
      "options": Object {
        "enableComponentDidUpdateOnSetState": true,
      },
    },
  },
}
`;
